// Jest Snapshot v1, https://goo.gl/fbAQLP

exports[`Snapshot : 계정명인 'taro' 가 표시됐는 지 확인한다 1`] = `
<div>
  <form>
    <h2>
      계정 정보
    </h2>
    <p>
      jiro
    </p>
    <div>
      <button>
        수정
      </button>
    </div>
  </form>
</div>
`;

